// Jest Snapshot v1, https://goo.gl/fbAQLP

exports[`should render Header correctly 1`] = `
<nav
  className="nav-bar"
>
  <NavLink
    activeClassName="active"
    exact={true}
    to="/"
  >
    Dashboard
  </NavLink>
  <NavLink
    to="/create"
  >
    Create expense
  </NavLink>
  <NavLink
    to="/help"
  >
    Help
  </NavLink>
</nav>
`;
